engine  best_fp16.engine  in (1, 3, 640, 640) DataType.FLOAT out (1, 25200, 6) DataType.FLOAT
抓屏区域  整屏
一直监听  每帧间隔 0.1 秒，Ctrl+C 停止
坐标文件  G:\codeData\study-ai-demo-1\gamemodel\out\coords.jsonl（一行一帧，每行一个 JSON 数组）
只读屏幕，不做任何鼠标/键盘操作。
    [清理] 第 100 帧 → 已 gc
    [清理] 第 200 帧 → 已 gc
    [清理] 第 300 帧 → 已 gc
error msg： no_targets
error msg： no_targets
error msg： no_targets
error msg： no_targets
error msg： no_targets
error msg： no_targets
error msg： no_targets
error msg： no_targets
error msg： no_targets
error msg： no_targets
error msg： no_targets
error msg： no_targets
error msg： no_targets
error msg： no_targets
error msg： no_targets
error msg： no_targets
error msg： no_targets
error msg： no_targets
error msg： no_targets
error msg： no_targets
error msg： no_targets
error msg： no_targets
error msg： no_targets
error msg： no_targets
error msg： no_targets
error msg： no_targets
error msg： no_targets
error msg： no_targets
error msg： no_targets
error msg： no_targets
error msg： no_targets
error msg： no_targets
error msg： no_targets
error msg： no_targets
error msg： no_targets
error msg： no_targets
error msg： no_targets
error msg： no_targets
error msg： no_targets
error msg： no_targets
error msg： no_targets
error msg： no_targets
error msg： no_targets
error msg： no_targets
error msg： no_targets
error msg： no_targets
error msg： no_targets
error msg： no_targets
error msg： no_targets
error msg： no_targets
error msg： no_targets
error msg： no_targets
error msg： no_targets
error msg： no_targets
error msg： no_targets
error msg： no_targets
error msg： no_targets
error msg： no_targets
error msg： no_targets
error msg： no_targets
error msg： no_targets
error msg： no_targets
error msg： no_targets
error msg： no_targets
error msg： no_targets
error msg： no_targets
error msg： no_targets
error msg： no_targets
error msg： no_targets
error msg： no_targets
error msg： no_targets
error msg： no_targets
error msg： no_targets
error msg： no_targets
error msg： no_targets
error msg： no_targets
error msg： no_targets
error msg： no_targets
error msg： no_targets
error msg： no_targets
error msg： no_targets
error msg： no_targets
error msg： no_targets
error msg： no_targets
error msg： no_targets
error msg： no_targets
error msg： no_targets
error msg： no_targets
error msg： no_targets
error msg： no_targets
error msg： no_targets
error msg： no_targets
error msg： no_targets
error msg： no_targets
error msg： no_targets
error msg： no_targets
error msg： no_targets
error msg： no_targets
error msg： no_targets
error msg： no_targets
error msg： no_targets
error msg： no_targets
error msg： no_targets
error msg： no_targets
error msg： no_targets
error msg： no_targets
error msg： no_targets
error msg： no_targets
error msg： no_targets
error msg： no_targets
error msg： no_targets
error msg： no_targets
error msg： no_targets
error msg： no_targets
error msg： no_targets
error msg： no_targets
error msg： no_targets
error msg： no_targets
error msg： no_targets
error msg： no_targets
error msg： no_targets
error msg： no_targets
error msg： no_targets
error msg： no_targets
error msg： no_targets
error msg： no_targets
error msg： no_targets
error msg： no_targets
error msg： no_targets
error msg： no_targets
error msg： no_targets
error msg： no_targets
error msg： no_targets
error msg： no_targets
error msg： no_targets
error msg： no_targets
error msg： no_targets
error msg： no_targets
error msg： no_targets
error msg： no_targets
error msg： no_targets
error msg： no_targets
error msg： no_targets
error msg： no_targets
error msg： no_targets
error msg： no_targets
error msg： no_targets
error msg： no_targets
error msg： no_targets
error msg： no_targets
error msg： no_targets
error msg： no_targets
error msg： no_targets
error msg： no_targets
error msg： no_targets
error msg： no_targets
error msg： no_targets
error msg： no_targets
error msg： no_targets
error msg： no_targets
error msg： no_targets
error msg： no_targets
error msg： no_targets
error msg： no_targets
error msg： no_targets
error msg： no_targets
error msg： no_targets
error msg： no_targets
error msg： no_targets
error msg： no_targets
error msg： no_targets
error msg： no_targets
error msg： no_targets
error msg： no_targets
error msg： no_targets
error msg： no_targets
error msg： no_targets
error msg： no_targets
error msg： no_targets
error msg： no_targets
error msg： no_targets
error msg： no_targets
error msg： no_targets
error msg： no_targets
error msg： no_targets
error msg： no_targets
error msg： no_targets
error msg： no_targets
error msg： no_targets
error msg： no_targets
error msg： no_targets
error msg： no_targets
error msg： no_targets
error msg： no_targets
error msg： no_targets
error msg： no_targets
error msg： low_confidence
error msg： no_targets
error msg： no_targets
error msg： no_targets
error msg： no_targets
error msg： no_targets
error msg： no_targets
error msg： no_targets
error msg： no_targets
error msg： no_targets
error msg： no_targets
error msg： no_targets
error msg： no_targets
error msg： no_targets
error msg： no_targets
error msg： no_targets
error msg： no_targets
error msg： no_targets
error msg： no_targets
error msg： no_targets
error msg： no_targets
error msg： no_targets
error msg： no_targets
error msg： no_targets
error msg： no_targets
error msg： no_targets
error msg： no_targets
error msg： no_targets
error msg： no_targets
error msg： no_targets
error msg： no_targets
error msg： no_targets
error msg： no_targets
error msg： no_targets
error msg： no_targets
error msg： no_targets
error msg： no_targets
error msg： no_targets
error msg： no_targets
error msg： no_targets
error msg： no_targets
error msg： no_targets
error msg： no_targets
error msg： no_targets
error msg： no_targets
error msg： no_targets
error msg： no_targets
error msg： no_targets
error msg： no_targets
error msg： no_targets
error msg： no_targets
error msg： no_targets
error msg： no_targets
error msg： no_targets
error msg： no_targets
error msg： no_targets
error msg： no_targets
error msg： no_targets
error msg： no_targets
error msg： no_targets
error msg： no_targets
error msg： no_targets
error msg： no_targets
error msg： no_targets
error msg： no_targets
error msg： no_targets
error msg： no_targets
error msg： no_targets
error msg： no_targets
error msg： low_confidence
error msg： no_targets
error msg： no_targets
error msg： no_targets
error msg： no_targets
error msg： no_targets
error msg： no_targets
error msg： no_targets
error msg： no_targets
error msg： no_targets
error msg： no_targets
error msg： no_targets
error msg： no_targets
error msg： no_targets
error msg： no_targets
error msg： no_targets
error msg： no_targets
error msg： no_targets
error msg： no_targets
error msg： no_targets
error msg： no_targets
error msg： no_targets
error msg： no_targets
error msg： no_targets
error msg： no_targets
error msg： no_targets
error msg： no_targets
error msg： no_targets
error msg： no_targets
error msg： no_targets
error msg： no_targets
error msg： no_targets
error msg： no_targets
error msg： no_targets
error msg： no_targets
error msg： no_targets
error msg： no_targets
error msg： no_targets
error msg： no_targets
error msg： no_targets
error msg： no_targets
error msg： no_targets
error msg： no_targets
error msg： no_targets
error msg： no_targets
error msg： no_targets
error msg： no_targets
error msg： no_targets
error msg： no_targets
error msg： no_targets
error msg： no_targets
error msg： no_targets
error msg： no_targets
error msg： no_targets
error msg： no_targets
error msg： no_targets
error msg： no_targets
error msg： no_targets
error msg： no_targets
error msg： no_targets
error msg： no_targets
error msg： no_targets
error msg：    [清理] 第 400 帧 → 已 gc
    [清理] 第 500 帧 → 已 gc
    [清理] 第 600 帧 → 已 gc
 no_targets
error msg： no_targets
error msg： no_targets
error msg： no_targets
error msg： no_targets
error msg： no_targets
error msg： no_targets
error msg： no_targets
error msg： no_targets
error msg： no_targets
error msg： no_targets
error msg： no_targets
error msg： no_targets
error msg： no_targets
error msg： no_targets
error msg： no_targets
error msg： no_targets
error msg： no_targets
error msg： no_targets
error msg： no_targets
error msg： no_targets
error msg： no_targets
error msg： no_targets
error msg： no_targets
error msg： no_targets
error msg： no_targets
error msg： no_targets
error msg： no_targets
error msg： no_targets
error msg： no_targets
error msg： no_targets
error msg： no_targets
error msg： no_targets
error msg： no_targets
error msg： no_targets
error msg： no_targets
error msg： no_targets
error msg： no_targets
error msg： no_targets
error msg： no_targets
error msg： no_targets
error msg： no_targets
error msg： no_targets
error msg： no_targets
error msg： no_targets
error msg： no_targets
error msg： no_targets
error msg： no_targets
error msg： no_targets
error msg： no_targets
error msg： no_targets
error msg： no_targets
error msg： no_targets
error msg： no_targets
error msg： no_targets
error msg： no_targets
error msg： no_targets
error msg： no_targets
error msg： no_targets
error msg： no_targets
error msg： no_targets
error msg： no_targets
error msg： no_targets
error msg： no_targets
error msg： no_targets
error msg： no_targets
error msg： no_targets
error msg： no_targets
error msg： no_targets
error msg： no_targets
error msg： no_targets
error msg： no_targets
error msg： no_targets
error msg： no_targets
error msg： no_targets
error msg： no_targets
error msg： no_targets
error msg： no_targets
error msg： low_confidence
error msg： no_targets
error msg： no_targets
error msg： no_targets
error msg： no_targets
error msg： no_targets
error msg： no_targets
error msg： no_targets
error msg： no_targets
error msg： no_targets
error msg： no_targets
error msg： no_targets
error msg： no_targets
error msg： no_targets
error msg： no_targets
error msg： no_targets
error msg： no_targets
error msg： no_targets
error msg： no_targets
error msg： no_targets
error msg： no_targets
error msg： no_targets
error msg： no_targets
error msg： no_targets
error msg： no_targets
error msg： no_targets
error msg： no_targets
error msg： no_targets
error msg： no_targets
error msg： no_targets
error msg： no_targets
error msg： no_targets
error msg： no_targets
error msg： no_targets
error msg： no_targets
error msg： no_targets
error msg： no_targets
error msg： no_targets
error msg： no_targets
error msg： no_targets
error msg： no_targets
error msg： no_targets
error msg： no_targets
error msg： no_targets
error msg： no_targets
error msg： no_targets
error msg： no_targets
error msg： no_targets
error msg： no_targets
error msg： no_targets
error msg： no_targets
error msg： no_targets
error msg： no_targets
error msg： no_targets
error msg： no_targets
error msg： no_targets
error msg： no_targets
error msg： no_targets
error msg： no_targets
error msg： no_targets
error msg： no_targets
error msg： no_targets
error msg： no_targets
error msg： no_targets
error msg： no_targets
error msg： no_targets
error msg： no_targets
error msg： no_targets
error msg： no_targets
error msg： no_targets
error msg： no_targets
error msg： no_targets
error msg： no_targets
error msg： no_targets
error msg： no_targets
error msg： no_targets
error msg： no_targets
error msg： no_targets
error msg： no_targets
error msg： no_targets
error msg： no_targets
error msg： no_targets
error msg： no_targets
error msg： no_targets
error msg： no_targets
error msg： no_targets
error msg： no_targets
error msg： no_targets
error msg： no_targets
error msg： no_targets
error msg： no_targets
error msg： no_targets
error msg： no_targets
error msg： no_targets
error msg： no_targets
error msg： no_targets
error msg： no_targets
error msg： no_targets
error msg： no_targets
error msg： no_targets
error msg： no_targets
error msg： no_targets
error msg： no_targets
error msg： no_targets
error msg： no_targets
error msg： no_targets
error msg： no_targets
error msg： no_targets
error msg： no_targets
error msg： no_targets
error msg： no_targets
error msg： no_targets
error msg： no_targets
error msg： no_targets
error msg： no_targets
error msg： no_targets
error msg： no_targets
error msg： no_targets
error msg： no_targets
error msg： no_targets
error msg： no_targets
error msg： no_targets
error msg： no_targets
error msg： no_targets
error msg： no_targets
error msg： no_targets
error msg： no_targets
error msg： no_targets
error msg： no_targets
error msg： no_targets
error msg： no_targets
error msg： no_targets
error msg： low_confidence
error msg： low_confidence
error msg： low_confidence
error msg： no_targets
error msg： low_confidence
error msg： low_confidence
error msg： low_confidence
error msg： low_confidence
error msg： no_targets
error msg： low_confidence
error msg： low_confidence
error msg： no_targets
error msg： no_targets
error msg： no_targets
error msg： no_targets
error msg： no_targets
error msg： no_targets
error msg： no_targets
error msg： low_confidence
error msg： no_targets
error msg： low_confidence
error msg： no_targets
error msg： no_targets
error msg： no_targets
error msg： no_targets
error msg： no_targets
error msg： no_targets
error msg： no_targets
error msg： no_targets
error msg： low_confidence
error msg： no_targets
error msg： no_targets
error msg： no_targets
error msg： no_targets
error msg： no_targets
error msg： low_confidence
error msg： no_targets
error msg： low_confidence
error msg： no_targets
error msg： no_targets
error msg： no_targets
error msg： no_targets
error msg： low_confidence
error msg： low_confidence
error msg： low_confidence
error msg： no_targets
error msg： no_targets
error msg： no_targets
error msg： no_targets
error msg： no_targets
error msg： no_targets
error msg： no_targets
error msg： no_targets
error msg： no_targets
error msg： no_targets
error msg： no_targets
error msg： no_targets
error msg： no_targets
error msg： low_confidence
error msg： no_targets
error msg： no_targets
error msg： no_targets
error msg： no_targets
error msg： no_targets
error msg： no_targets
error msg： no_targets
error msg： low_confidence
error msg： no_targets
error msg： no_targets
error msg： no_targets
error msg： no_targets
error msg： no_targets
error msg： no_targets
error msg： no_targets
error msg： no_targets
error msg： no_targets
error msg： no_targets
error msg： no_targets
error msg： no_targets
error msg： no_targets
error msg： no_targets
error msg： no_targets
error msg： no_targets
error msg： no_targets
error msg： no_targets
error msg： no_targets
error msg： no_targets
error msg： no_targets
error msg： no_targets
error msg： low_confidence
error msg： no_targets
error msg： no_targets
error msg： no_targets
error msg： no_targets
error msg： no_targets
error msg： no_targets
error msg： no_targets
error msg： no_targets
error msg： no_targets
error msg： no_targets
error msg： no_targets
error msg： no_targets
error msg： no_targets
error msg： no_targets
error msg： no_targets
error msg： no_targets
error msg： no_targets
error msg： no_targets
error msg： no_targets
error msg： no_targets
error msg： no_targets
error msg： no_targets
error msg： no_targets
error msg： no_targets
error msg： no_targets    [清理] 第 700 帧 → 已 gc
    [清理] 第 800 帧 → 已 gc
